Researching 30 leads (socials + site + SEO + reputation)

  researching South Industrial Electric (Hurst)
  researching Calahan Roofing (Watauga)
  researching Texas Roofing Project (Richardson)
      search failed: Request timed out: ConnectTimeout('timed out')
      search failed: Request timed out: ConnectTimeout('timed out')
      need 0.25 | rank 2 | socials ['instagram', 'tiktok'] (verify: instagram) | blog False
  researching RCSA Roofing & Construction (Richardson)
      need 0.45 | rank - | socials ['instagram', 'linkedin'] | blog False
  researching 423 Roofing and Construction (Denton)
      need 0.7 | rank - | socials ['instagram', 'linkedin'] (verify: instagram) | blog False
  researching Tier-One Electric (Flower Mound)
      search failed: No results found.
      search failed: Request timed out: ConnectTimeout('timed out')
      search failed: No results found.
      need 0.45 | rank - | socials ['facebook', 'instagram'] (verify: instagram,facebook) | blog False
  researching 4P Roofing LLC (Burleson)
      need 0.7 | rank - | socials ['facebook', 'tiktok'] (verify: tiktok,facebook) | blog False
  researching Texas Edge Roofing and General Contractors (Allen)
      search failed: Request timed out: ConnectTimeout('timed out')
      search failed: Request timed out: ConnectTimeout('timed out')
      need 0.25 | rank - | socials ['facebook', 'instagram', 'tiktok'] (verify: instagram,tiktok,facebook) | blog True
  researching Rhino Roofing Co (Frisco)
      search failed: Request timed out: ConnectTimeout('timed out')
      search failed: Request timed out: ConnectTimeout('timed out')
      need 0.3 | rank 9 | socials ['facebook', 'instagram'] (verify: instagram,facebook) | blog False
  researching Granada Roofing & Exteriors (McKinney)
      need 0.65 | rank - | socials ['facebook', 'instagram'] (verify: instagram,facebook) | blog False
  researching Hunt Roofing and Contracting (Cleburne)
      search failed: Request timed out: ConnectTimeout('timed out')
      search failed: Request timed out: ConnectTimeout('timed out')
      search failed: Request timed out: ConnectTimeout('timed out')
      need 0.45 | rank 1 | socials ['facebook', 'instagram'] (verify: instagram,facebook) | blog False
  researching Jempro Roofing & Restoration Services LLC (Little Elm)
      search failed: Request timed out: ConnectTimeout('timed out')
      search failed: Request timed out: ConnectTimeout('timed out')
      search failed: Request timed out: ConnectTimeout('timed out')
      need 0.7 | rank - | socials ['linkedin'] (verify: linkedin) | blog False
  researching Inspiration Roofing & Construction LLC (Garland)
      search failed: Request timed out: ConnectTimeout('timed out')
      need 0.6 | rank - | socials ['instagram'] (verify: instagram) | blog False
  researching Lang Electric (Burleson)
      need 0.7 | rank - | socials ['facebook', 'instagram', 'linkedin'] (verify: instagram,facebook,linkedin) | blog False
  researching Summit Mechanical & Refrigeration Services (Fort Worth)
      search failed: Request timed out: ConnectTimeout('timed out')
      search failed: Request timed out: ConnectTimeout('timed out')
      search failed: Request timed out: ConnectTimeout('timed out')
      search failed: Request timed out: ConnectTimeout('timed out')
      need 0.7 | rank - | socials ['facebook', 'linkedin'] (verify: facebook,linkedin) | blog False
  researching Salinas Construction (Grand Prairie)
      need 0.45 | rank - | socials ['facebook', 'linkedin', 'tiktok'] (verify: tiktok,facebook,linkedin) | blog False
  researching USA Roofing Inc (Lancaster)
      need 0.7 | rank - | socials none | blog False
  researching Elevation Roofing (Waxahachie)
      need 0.25 | rank - | socials ['facebook', 'instagram', 'linkedin'] (verify: instagram,facebook) | blog True
  researching Red Phoenix Roofing and Construction LLC (Waxahachie)
      search failed: No results found.
      need 0.556 | rank - | socials ['facebook', 'instagram', 'linkedin'] (verify: instagram,facebook) | blog None
  researching New Life Restoration & Construction (Colleyville)
      need 0.5 | rank - | socials ['facebook', 'instagram', 'linkedin'] (verify: facebook) | blog False
  researching Riverbend Roofing & Exteriors (Azle)
      search failed: Request timed out: ConnectTimeout('timed out')
      search failed: Request timed out: ConnectTimeout('timed out')
      search failed: Request timed out: ConnectTimeout('timed out')
      search failed: Request timed out: ConnectTimeout('timed out')
      need 0.3 | rank - | socials ['facebook', 'instagram'] (verify: instagram) | blog True
  researching Absolute Merit Roofing (Allen)
      search failed: Request timed out: ConnectTimeout('timed out')
      search failed: Request timed out: ConnectTimeout('timed out')
      need 0.4 | rank - | socials ['facebook', 'instagram'] (verify: instagram,facebook) | blog True
  researching Spyder Roofing (Garland)
      need 0.25 | rank - | socials none | blog True
  researching Tejas Roofworks + Restoration (Rockwall)
      search failed: Request timed out: ConnectTimeout('timed out')
      need 0.45 | rank - | socials ['facebook', 'instagram', 'linkedin', 'tiktok'] (verify: facebook,linkedin) | blog False
  researching Texas Legacy Roofing & Construction (Denton)
      need 0.7 | rank - | socials ['facebook', 'instagram', 'linkedin'] | blog False
  researching Pineapple Roofing Lewisville (Lewisville)
      search failed: Request timed out: ConnectTimeout('timed out')
      need 0.0 | rank 10 | socials ['facebook', 'linkedin'] (verify: facebook) | blog None
  researching Blue Angel Roofing and General Contractors (Allen)
      search failed: Request timed out: ConnectTimeout('timed out')
      search failed: No results found.
      search failed: Request timed out: ConnectTimeout('timed out')
      search failed: Request timed out: ConnectTimeout('timed out')
      search failed: Request timed out: ConnectTimeout('timed out')
      need 0.25 | rank - | socials ['facebook', 'instagram', 'linkedin'] (verify: instagram,facebook) | blog True
  researching Parish Roofing Solutions (McKinney)
      need 0.05 | rank 13 | socials ['linkedin'] (verify: linkedin) | blog True
  researching Red Ladder Roofing & Construction (Denton)
      search failed: Request timed out: ConnectTimeout('timed out')
      need 0.25 | rank - | socials ['facebook', 'instagram'] (verify: instagram,facebook) | blog True
  researching Griffin Electrical Group LLC (Cedar Hill)
      search failed: Request timed out: ConnectTimeout('timed out')
      search failed: Request timed out: ConnectTimeout('timed out')
      search failed: Request timed out: ConnectTimeout('timed out')
      search failed: Request timed out: ConnectTimeout('timed out')
      need 0.25 | rank - | socials ['facebook', 'instagram', 'linkedin', 'tiktok'] (verify: instagram,tiktok,facebook,linkedin) | blog True
      search failed: Request timed out: ConnectTimeout('timed out')
      need 0.25 | rank - | socials ['facebook', 'instagram'] | blog True
      need 0.6 | rank - | socials none | blog False

Wrote 30 researched leads -> ..\leads\callsheet30_researched.json
  27/30 have a findable social profile
  18/30 have no blog
